Copyright 1986-2022 Xilinx, Inc. All Rights Reserved. Copyright 2022-2025 Advanced Micro Devices, Inc. All Rights Reserved.
---------------------------------------------------------------------------------------------------------------------------------------------
| Tool Version : Vivado v.2025.2 (win64) Build 6299465 Fri Nov 14 19:35:11 GMT 2025
| Date         : Sat Aug 15 11:08:28 2026
| Host         : Akshaj running 64-bit major release  (build 9200)
| Command      : report_control_sets -verbose -file ras_fpga_top_control_sets_placed.rpt
| Design       : ras_fpga_top
| Device       : xc7a100t
---------------------------------------------------------------------------------------------------------------------------------------------

Control Set Information

Table of Contents
-----------------
1. Summary
2. Histogram
3. Flip-Flop Distribution
4. Detailed Control Set Information

1. Summary
----------

+----------------------------------------------------------+-------+
|                          Status                          | Count |
+----------------------------------------------------------+-------+
| Total control sets                                       |    34 |
|    Minimum number of control sets                        |    34 |
|    Addition due to synthesis replication                 |     0 |
|    Addition due to physical synthesis replication        |     0 |
| Unused register locations in slices containing registers |    29 |
+----------------------------------------------------------+-------+
* Control sets can be merged at opt_design using control_set_merge or merge_equivalent_drivers
** Run report_qor_suggestions for automated merging and remapping suggestions


2. Histogram
------------

+--------------------+-------+
|       Fanout       | Count |
+--------------------+-------+
| Total control sets |    34 |
| >= 0 to < 4        |     0 |
| >= 4 to < 6        |     0 |
| >= 6 to < 8        |     0 |
| >= 8 to < 10       |     0 |
| >= 10 to < 12      |     0 |
| >= 12 to < 14      |     0 |
| >= 14 to < 16      |     0 |
| >= 16              |    34 |
+--------------------+-------+
* Control sets can be remapped at either synth_design or opt_design


3. Flip-Flop Distribution
-------------------------

+--------------+-----------------------+------------------------+-----------------+--------------+
| Clock Enable | Synchronous Set/Reset | Asynchronous Set/Reset | Total Registers | Total Slices |
+--------------+-----------------------+------------------------+-----------------+--------------+
| No           | No                    | No                     |              21 |            8 |
| No           | No                    | Yes                    |               0 |            0 |
| No           | Yes                   | No                     |              26 |            7 |
| Yes          | No                    | No                     |              42 |           16 |
| Yes          | No                    | Yes                    |               0 |            0 |
| Yes          | Yes                   | No                     |             610 |          206 |
+--------------+-----------------------+------------------------+-----------------+--------------+


4. Detailed Control Set Information
-----------------------------------

+----------------+---------------------------------------------------------------------------+-----------------------------------------------------------------------------+------------------+----------------+--------------+
|  Clock Signal  |                               Enable Signal                               |                               Set/Reset Signal                              | Slice Load Count | Bel Load Count | Bels / Slice |
+----------------+---------------------------------------------------------------------------+-----------------------------------------------------------------------------+------------------+----------------+--------------+
|  clk_IBUF_BUFG | adaptive_accelerator_inst/rl_controller_inst/q_table[4][1][15]_i_1_n_0    | riscv_core_inst/data_memory/SR[0]                                           |                5 |             16 |         3.20 |
|  clk_IBUF_BUFG | adaptive_accelerator_inst/rl_controller_inst/q_table[3][0][15]_i_1_n_0    | riscv_core_inst/data_memory/SR[0]                                           |                5 |             16 |         3.20 |
|  clk_IBUF_BUFG | adaptive_accelerator_inst/rl_controller_inst/q_table[7][1][15]_i_1_n_0    | riscv_core_inst/data_memory/SR[0]                                           |               12 |             16 |         1.33 |
|  clk_IBUF_BUFG | adaptive_accelerator_inst/rl_controller_inst/q_table[8][0][15]_i_1_n_0    | riscv_core_inst/data_memory/SR[0]                                           |                4 |             16 |         4.00 |
|  clk_IBUF_BUFG | adaptive_accelerator_inst/rl_controller_inst/q_table[6][2][15]_i_1_n_0    | riscv_core_inst/data_memory/SR[0]                                           |                7 |             16 |         2.29 |
|  clk_IBUF_BUFG | adaptive_accelerator_inst/rl_controller_inst/q_table[5][2][15]_i_1_n_0    | riscv_core_inst/data_memory/SR[0]                                           |                5 |             16 |         3.20 |
|  clk_IBUF_BUFG | adaptive_accelerator_inst/rl_controller_inst/q_table[1][0][15]_i_1_n_0    | riscv_core_inst/data_memory/SR[0]                                           |                6 |             16 |         2.67 |
|  clk_IBUF_BUFG | adaptive_accelerator_inst/rl_controller_inst/q_table[5][1][15]_i_1_n_0    | riscv_core_inst/data_memory/SR[0]                                           |               10 |             16 |         1.60 |
|  clk_IBUF_BUFG | adaptive_accelerator_inst/rl_controller_inst/q_table[3][1][15]_i_1_n_0    | riscv_core_inst/data_memory/SR[0]                                           |                4 |             16 |         4.00 |
|  clk_IBUF_BUFG | adaptive_accelerator_inst/rl_controller_inst/q_table[7][0][15]_i_1_n_0    | riscv_core_inst/data_memory/SR[0]                                           |               11 |             16 |         1.45 |
|  clk_IBUF_BUFG | adaptive_accelerator_inst/rl_controller_inst/q_table[2][2][15]_i_1_n_0    | riscv_core_inst/data_memory/SR[0]                                           |                8 |             16 |         2.00 |
|  clk_IBUF_BUFG | adaptive_accelerator_inst/rl_controller_inst/q_table[8][2][15]_i_1_n_0    | riscv_core_inst/data_memory/SR[0]                                           |                7 |             16 |         2.29 |
|  clk_IBUF_BUFG | adaptive_accelerator_inst/rl_controller_inst/q_table[2][0][15]_i_1_n_0    | riscv_core_inst/data_memory/SR[0]                                           |                5 |             16 |         3.20 |
|  clk_IBUF_BUFG | adaptive_accelerator_inst/rl_controller_inst/q_table[0][1][15]_i_1_n_0    | riscv_core_inst/data_memory/SR[0]                                           |                4 |             16 |         4.00 |
|  clk_IBUF_BUFG | adaptive_accelerator_inst/rl_controller_inst/q_table[2][1][15]_i_1_n_0    | riscv_core_inst/data_memory/SR[0]                                           |                4 |             16 |         4.00 |
|  clk_IBUF_BUFG | adaptive_accelerator_inst/rl_controller_inst/q_table[1][2][15]_i_1_n_0    | riscv_core_inst/data_memory/SR[0]                                           |                4 |             16 |         4.00 |
|  clk_IBUF_BUFG | adaptive_accelerator_inst/rl_controller_inst/q_table[0][2][15]_i_1_n_0    | riscv_core_inst/data_memory/SR[0]                                           |                7 |             16 |         2.29 |
|  clk_IBUF_BUFG | adaptive_accelerator_inst/rl_controller_inst/q_table[1][1][15]_i_1_n_0    | riscv_core_inst/data_memory/SR[0]                                           |                3 |             16 |         5.33 |
|  clk_IBUF_BUFG | adaptive_accelerator_inst/rl_controller_inst/q_table[6][0][15]_i_1_n_0    | riscv_core_inst/data_memory/SR[0]                                           |                4 |             16 |         4.00 |
|  clk_IBUF_BUFG | adaptive_accelerator_inst/rl_controller_inst/q_table[6][1][15]_i_1_n_0    | riscv_core_inst/data_memory/SR[0]                                           |                6 |             16 |         2.67 |
|  clk_IBUF_BUFG | adaptive_accelerator_inst/rl_controller_inst/q_table[7][2][15]_i_1_n_0    | riscv_core_inst/data_memory/SR[0]                                           |               11 |             16 |         1.45 |
|  clk_IBUF_BUFG | adaptive_accelerator_inst/rl_controller_inst/q_table[3][2][15]_i_1_n_0    | riscv_core_inst/data_memory/SR[0]                                           |                8 |             16 |         2.00 |
|  clk_IBUF_BUFG | adaptive_accelerator_inst/rl_controller_inst/q_table[8][1][15]_i_1_n_0    | riscv_core_inst/data_memory/SR[0]                                           |                9 |             16 |         1.78 |
|  clk_IBUF_BUFG | adaptive_accelerator_inst/rl_controller_inst/q_table[4][2][15]_i_1_n_0    | riscv_core_inst/data_memory/SR[0]                                           |                3 |             16 |         5.33 |
|  clk_IBUF_BUFG | adaptive_accelerator_inst/rl_controller_inst/q_table[4][0][15]_i_1_n_0    | riscv_core_inst/data_memory/SR[0]                                           |                4 |             16 |         4.00 |
|  clk_IBUF_BUFG | adaptive_accelerator_inst/rl_controller_inst/q_table[0][0][15]_i_1_n_0    | riscv_core_inst/data_memory/SR[0]                                           |                4 |             16 |         4.00 |
|  clk_IBUF_BUFG | adaptive_accelerator_inst/rl_controller_inst/q_table[5][0][15]_i_1_n_0    | riscv_core_inst/data_memory/SR[0]                                           |                4 |             16 |         4.00 |
|  clk_IBUF_BUFG |                                                                           |                                                                             |                8 |             21 |         2.62 |
|  clk_IBUF_BUFG |                                                                           | start_counter[0]_i_1_n_0                                                    |                7 |             26 |         3.71 |
|  clk_IBUF_BUFG | adaptive_accelerator_inst/performance_monitor_inst/output_pending_reg_n_0 | adaptive_accelerator_inst/performance_monitor_inst/utilization[28]_i_1_n_0  |                7 |             28 |         4.00 |
|  clk_IBUF_BUFG | adaptive_accelerator_inst/performance_monitor_inst/calc_pending           | adaptive_accelerator_inst/performance_monitor_inst/utilization_next_i_1_n_0 |                7 |             28 |         4.00 |
|  clk_IBUF_BUFG | adaptive_accelerator_inst/rl_controller_inst/max_next_q_reg[15]_i_1_n_0   |                                                                             |               16 |             42 |         2.62 |
|  clk_IBUF_BUFG | adaptive_accelerator_inst/operation_done_reg_n_0                          | riscv_core_inst/data_memory/SR[0]                                           |               12 |             59 |         4.92 |
|  clk_IBUF_BUFG | adaptive_accelerator_inst/performance_monitor_inst/cycle_count0           | adaptive_accelerator_inst/performance_monitor_inst/cycle_count[0]_i_1_n_0   |               16 |             63 |         3.94 |
+----------------+---------------------------------------------------------------------------+-----------------------------------------------------------------------------+------------------+----------------+--------------+


