
*** Running vivado
    with args -log ras_fpga_top.vdi -applog -m64 -product Vivado -messageDb vivado.pb -mode batch -source ras_fpga_top.tcl -notrace



****** Vivado v2025.2 (64-bit)
  **** SW Build 6299465 on Fri Nov 14 19:35:11 GMT 2025
  **** IP Build 6300035 on Fri Nov 14 10:48:45 MST 2025
  **** SharedData Build 6298862 on Thu Nov 13 04:50:51 MST 2025
  **** Start of session at: Sat Aug 15 11:07:57 2026
    ** Copyright 1986-2022 Xilinx, Inc. All Rights Reserved.
    ** Copyright 2022-2025 Advanced Micro Devices, Inc. All Rights Reserved.

source ras_fpga_top.tcl -notrace
Command: link_design -top ras_fpga_top -part xc7a100tcsg324-1
Design is defaulting to srcset: sources_1
Design is defaulting to constrset: constrs_1
INFO: [Device 21-403] Loading part xc7a100tcsg324-1
Netlist sorting complete. Time (s): cpu = 00:00:00 ; elapsed = 00:00:00.113 . Memory (MB): peak = 778.457 ; gain = 0.000
INFO: [Netlist 29-17] Analyzing 1822 Unisim elements for replacement
INFO: [Netlist 29-28] Unisim Transformation completed in 0 CPU seconds
INFO: [Project 1-479] Netlist was created with Vivado 2025.2
INFO: [Project 1-570] Preparing netlist for logic optimization
Parsing XDC File [C:/Users/aksha/Downloads/RL_Adaptive_RISCV_AI_SoC/RL_Adaptive_RISCV_AI_SoC/RL_Adaptive_RISCV_AI_SoC.srcs/constrs_1/new/config.xdc]
Finished Parsing XDC File [C:/Users/aksha/Downloads/RL_Adaptive_RISCV_AI_SoC/RL_Adaptive_RISCV_AI_SoC/RL_Adaptive_RISCV_AI_SoC.srcs/constrs_1/new/config.xdc]
Parsing XDC File [C:/Users/aksha/Downloads/RL_Adaptive_RISCV_AI_SoC/RL_Adaptive_RISCV_AI_SoC/RL_Adaptive_RISCV_AI_SoC.srcs/constrs_1/new/ras_riscv_core.xdc]
Finished Parsing XDC File [C:/Users/aksha/Downloads/RL_Adaptive_RISCV_AI_SoC/RL_Adaptive_RISCV_AI_SoC/RL_Adaptive_RISCV_AI_SoC.srcs/constrs_1/new/ras_riscv_core.xdc]
INFO: [Opt 31-138] Pushed 0 inverter(s) to 0 load pin(s).
Netlist sorting complete. Time (s): cpu = 00:00:00 ; elapsed = 00:00:00.003 . Memory (MB): peak = 942.531 ; gain = 0.000
INFO: [Project 1-111] Unisim Transformation Summary:
No Unisim elements were transformed.

7 Infos, 0 Warnings, 0 Critical Warnings and 0 Errors encountered.
link_design completed successfully
link_design: Time (s): cpu = 00:00:04 ; elapsed = 00:00:05 . Memory (MB): peak = 946.555 ; gain = 405.469
Command: opt_design -directive Explore
INFO: [Vivado_Tcl 4-136] Directive used for opt_design is: Explore
Attempting to get a license for feature 'Implementation' and/or device 'xc7a100t'
INFO: [Common 17-349] Got license for feature 'Implementation' and/or device 'xc7a100t'
Running DRC as a precondition to command opt_design

Starting DRC Task
INFO: [DRC 23-27] Running DRC with 2 threads
INFO: [Project 1-461] DRC finished with 0 Errors
INFO: [Project 1-462] Please refer to the DRC report (report_drc) for more information.

Time (s): cpu = 00:00:01 ; elapsed = 00:00:00.831 . Memory (MB): peak = 968.637 ; gain = 22.082

Starting Logic Optimization Task

Phase 1 Initialization

Phase 1.1 Core Generation And Design Setup
Phase 1.1 Core Generation And Design Setup | Checksum: 2c96ce9de

Time (s): cpu = 00:00:00 ; elapsed = 00:00:00.012 . Memory (MB): peak = 1402.672 ; gain = 0.000

Phase 1.2 Setup Constraints And Sort Netlist
Phase 1.2 Setup Constraints And Sort Netlist | Checksum: 2c96ce9de

Time (s): cpu = 00:00:00 ; elapsed = 00:00:00.020 . Memory (MB): peak = 1402.672 ; gain = 0.000
Phase 1 Initialization | Checksum: 2c96ce9de

Time (s): cpu = 00:00:00 ; elapsed = 00:00:00.021 . Memory (MB): peak = 1402.672 ; gain = 0.000

Phase 2 Timer Update And Timing Data Collection

Phase 2.1 Detect if minReqCache needed
Phase 2.1 Detect if minReqCache needed | Checksum: 2c96ce9de

Time (s): cpu = 00:00:00 ; elapsed = 00:00:00.039 . Memory (MB): peak = 1402.684 ; gain = 0.012

Phase 2.2 Timer Update
INFO: [Timing 38-35] Done setting XDC timing constraints.
Phase 2.2 Timer Update | Checksum: 2c96ce9de

Time (s): cpu = 00:00:04 ; elapsed = 00:00:04 . Memory (MB): peak = 1885.355 ; gain = 482.684

Phase 2.3 Timing Data Collection
Phase 2.3 Timing Data Collection | Checksum: 2c96ce9de

Time (s): cpu = 00:00:04 ; elapsed = 00:00:04 . Memory (MB): peak = 1885.355 ; gain = 482.684
Phase 2 Timer Update And Timing Data Collection | Checksum: 2c96ce9de

Time (s): cpu = 00:00:04 ; elapsed = 00:00:04 . Memory (MB): peak = 1885.355 ; gain = 482.684

Phase 3 Retarget
INFO: [Opt 31-1851] Number of loadless carry chains removed were: 0
INFO: [Opt 31-1834] Total Chains To Be Transformed Were: 0 AND Number of Transformed insts Created are: 0
INFO: [Opt 31-1566] Pulled 1 inverters resulting in an inversion of 17 pins
INFO: [Opt 31-138] Pushed 0 inverter(s) to 0 load pin(s).
INFO: [Opt 31-49] Retargeted 0 cell(s).
Phase 3 Retarget | Checksum: 1b61aa7db

Time (s): cpu = 00:00:05 ; elapsed = 00:00:05 . Memory (MB): peak = 1885.355 ; gain = 482.684
Retarget | Checksum: 1b61aa7db
INFO: [Opt 31-389] Phase Retarget created 0 cells and removed 5 cells

Phase 4 Constant propagation
INFO: [Opt 31-138] Pushed 0 inverter(s) to 0 load pin(s).
Phase 4 Constant propagation | Checksum: 23cbbf2ae

Time (s): cpu = 00:00:05 ; elapsed = 00:00:05 . Memory (MB): peak = 1885.355 ; gain = 482.684
Constant propagation | Checksum: 23cbbf2ae
INFO: [Opt 31-389] Phase Constant propagation created 24 cells and removed 62 cells

Phase 5 Sweep
INFO: [Constraints 18-11670] Building netlist checker database with flags, 0x8
Done building netlist checker database: Time (s): cpu = 00:00:00 ; elapsed = 00:00:00.005 . Memory (MB): peak = 1885.355 ; gain = 0.000
INFO: [Constraints 18-11670] Building netlist checker database with flags, 0x8
Done building netlist checker database: Time (s): cpu = 00:00:00 ; elapsed = 00:00:00.001 . Memory (MB): peak = 1885.355 ; gain = 0.000
Phase 5 Sweep | Checksum: 20018fd63

Time (s): cpu = 00:00:06 ; elapsed = 00:00:06 . Memory (MB): peak = 1885.355 ; gain = 482.684
Sweep | Checksum: 20018fd63
INFO: [Opt 31-389] Phase Sweep created 0 cells and removed 22144 cells

Phase 6 BUFG optimization
Phase 6 BUFG optimization | Checksum: 20018fd63

Time (s): cpu = 00:00:06 ; elapsed = 00:00:06 . Memory (MB): peak = 1885.355 ; gain = 482.684
BUFG optimization | Checksum: 20018fd63
INFO: [Opt 31-662] Phase BUFG optimization created 0 cells of which 0 are BUFGs and removed 0 cells.

Phase 7 Shift Register Optimization
INFO: [Opt 31-1064] SRL Remap converted 0 SRLs to 0 registers and converted 0 registers of register chains to 0 SRLs
Phase 7 Shift Register Optimization | Checksum: 20018fd63

Time (s): cpu = 00:00:06 ; elapsed = 00:00:06 . Memory (MB): peak = 1885.355 ; gain = 482.684
Shift Register Optimization | Checksum: 20018fd63
INFO: [Opt 31-389] Phase Shift Register Optimization created 0 cells and removed 0 cells
INFO: [Opt 31-1555] control_set_opt supports Versal devices only, and device 7a100t is unsupported

Phase 8 Post Processing Netlist
Phase 8 Post Processing Netlist | Checksum: 20018fd63

Time (s): cpu = 00:00:06 ; elapsed = 00:00:06 . Memory (MB): peak = 1885.355 ; gain = 482.684
Post Processing Netlist | Checksum: 20018fd63
INFO: [Opt 31-389] Phase Post Processing Netlist created 0 cells and removed 0 cells

Phase 9 Finalization

Phase 9.1 Finalizing Design Cores and Updating Shapes
Phase 9.1 Finalizing Design Cores and Updating Shapes | Checksum: 2155a2ac4

Time (s): cpu = 00:00:06 ; elapsed = 00:00:06 . Memory (MB): peak = 1885.355 ; gain = 482.684

Phase 9.2 Verifying Netlist Connectivity

Starting Connectivity Check Task

Time (s): cpu = 00:00:00 ; elapsed = 00:00:00.007 . Memory (MB): peak = 1885.355 ; gain = 0.000
Phase 9.2 Verifying Netlist Connectivity | Checksum: 2155a2ac4

Time (s): cpu = 00:00:06 ; elapsed = 00:00:06 . Memory (MB): peak = 1885.355 ; gain = 482.684
Phase 9 Finalization | Checksum: 2155a2ac4

Time (s): cpu = 00:00:06 ; elapsed = 00:00:06 . Memory (MB): peak = 1885.355 ; gain = 482.684
Opt_design Change Summary
=========================


-------------------------------------------------------------------------------------------------------------------------
|  Phase                        |  #Cells created  |  #Cells Removed  |  #Constrained objects preventing optimizations  |
-------------------------------------------------------------------------------------------------------------------------
|  Retarget                     |               0  |               5  |                                              0  |
|  Constant propagation         |              24  |              62  |                                              0  |
|  Sweep                        |               0  |           22144  |                                              0  |
|  BUFG optimization            |               0  |               0  |                                              0  |
|  Shift Register Optimization  |               0  |               0  |                                              0  |
|  Post Processing Netlist      |               0  |               0  |                                              0  |
-------------------------------------------------------------------------------------------------------------------------


Ending Logic Optimization Task | Checksum: 2155a2ac4

Time (s): cpu = 00:00:06 ; elapsed = 00:00:06 . Memory (MB): peak = 1885.355 ; gain = 482.684
Netlist sorting complete. Time (s): cpu = 00:00:00 ; elapsed = 00:00:00 . Memory (MB): peak = 1885.355 ; gain = 0.000
INFO: [Common 17-83] Releasing license: Implementation
30 Infos, 0 Warnings, 0 Critical Warnings and 0 Errors encountered.
opt_design completed successfully
opt_design: Time (s): cpu = 00:00:09 ; elapsed = 00:00:09 . Memory (MB): peak = 1885.355 ; gain = 938.801
INFO: [Vivado 12-24828] Executing command : report_drc -file ras_fpga_top_drc_opted.rpt -pb ras_fpga_top_drc_opted.pb -rpx ras_fpga_top_drc_opted.rpx
Command: report_drc -file ras_fpga_top_drc_opted.rpt -pb ras_fpga_top_drc_opted.pb -rpx ras_fpga_top_drc_opted.rpx
INFO: [IP_Flow 19-234] Refreshing IP repositories
INFO: [IP_Flow 19-1704] No user IP repositories specified
INFO: [IP_Flow 19-2313] Loaded Vivado IP repository 'C:/AMDDesignTools/2025.2/Vivado/data/ip'.
INFO: [DRC 23-27] Running DRC with 2 threads
INFO: [Vivado_Tcl 2-168] The results of DRC are in file C:/Users/aksha/Downloads/RL_Adaptive_RISCV_AI_SoC/RL_Adaptive_RISCV_AI_SoC/RL_Adaptive_RISCV_AI_SoC.runs/impl_1/ras_fpga_top_drc_opted.rpt.
report_drc completed successfully
INFO: [Timing 38-480] Writing timing data to binary archive.
Wrote PlaceDB: Time (s): cpu = 00:00:00 ; elapsed = 00:00:00 . Memory (MB): peak = 1885.355 ; gain = 0.000
Wrote PulsedLatchDB: Time (s): cpu = 00:00:00 ; elapsed = 00:00:00 . Memory (MB): peak = 1885.355 ; gain = 0.000
Write ShapeDB Complete: Time (s): cpu = 00:00:00 ; elapsed = 00:00:00.003 . Memory (MB): peak = 1885.355 ; gain = 0.000
Writing XDEF routing.
Writing XDEF routing logical nets.
Writing XDEF routing special nets.
Wrote RouteStorage: Time (s): cpu = 00:00:00 ; elapsed = 00:00:00.012 . Memory (MB): peak = 1885.355 ; gain = 0.000
Wrote PlaceStorage: Time (s): cpu = 00:00:00 ; elapsed = 00:00:00 . Memory (MB): peak = 1885.355 ; gain = 0.000
Wrote Netlist Cache: Time (s): cpu = 00:00:00 ; elapsed = 00:00:00 . Memory (MB): peak = 1885.355 ; gain = 0.000
Wrote Device Cache: Time (s): cpu = 00:00:00 ; elapsed = 00:00:00.004 . Memory (MB): peak = 1885.355 ; gain = 0.000
Write Physdb Complete: Time (s): cpu = 00:00:00 ; elapsed = 00:00:00.021 . Memory (MB): peak = 1885.355 ; gain = 0.000
INFO: [Common 17-1381] The checkpoint 'C:/Users/aksha/Downloads/RL_Adaptive_RISCV_AI_SoC/RL_Adaptive_RISCV_AI_SoC/RL_Adaptive_RISCV_AI_SoC.runs/impl_1/ras_fpga_top_opt.dcp' has been generated.
Command: place_design -directive Explore
Attempting to get a license for feature 'Implementation' and/or device 'xc7a100t'
INFO: [Common 17-349] Got license for feature 'Implementation' and/or device 'xc7a100t'
INFO: [Common 17-83] Releasing license: Implementation
INFO: [DRC 23-27] Running DRC with 2 threads
INFO: [Vivado_Tcl 4-198] DRC finished with 0 Errors
INFO: [Vivado_Tcl 4-199] Please refer to the DRC report (report_drc) for more information.
INFO: [Timing 38-35] Done setting XDC timing constraints.
INFO: [Vivado_Tcl 4-2302] The placer was invoked with the 'Explore' directive.
Running DRC as a precondition to command place_design
INFO: [DRC 23-27] Running DRC with 2 threads
INFO: [Vivado_Tcl 4-198] DRC finished with 0 Errors
INFO: [Vivado_Tcl 4-199] Please refer to the DRC report (report_drc) for more information.
INFO: [Place 30-611] Multithreading enabled for place_design using a maximum of 2 CPUs

Starting Placer Task

Phase 1 Placer Initialization

Phase 1.1 Placer Initialization Netlist Sorting
Netlist sorting complete. Time (s): cpu = 00:00:00 ; elapsed = 00:00:00 . Memory (MB): peak = 1885.355 ; gain = 0.000
Phase 1.1 Placer Initialization Netlist Sorting | Checksum: 1164c299e

Time (s): cpu = 00:00:00 ; elapsed = 00:00:00.003 . Memory (MB): peak = 1885.355 ; gain = 0.000
Netlist sorting complete. Time (s): cpu = 00:00:00 ; elapsed = 00:00:00.001 . Memory (MB): peak = 1885.355 ; gain = 0.000

Phase 1.2 IO Placement/ Clock Placement/ Build Placer Device
Phase 1.2 IO Placement/ Clock Placement/ Build Placer Device | Checksum: 1afc06fe6

Time (s): cpu = 00:00:00 ; elapsed = 00:00:00.198 . Memory (MB): peak = 1885.355 ; gain = 0.000

Phase 1.3 Build Placer Netlist Model
Phase 1.3 Build Placer Netlist Model | Checksum: 1e8aca6c3

Time (s): cpu = 00:00:01 ; elapsed = 00:00:00.403 . Memory (MB): peak = 1885.355 ; gain = 0.000

Phase 1.4 Constrain Clocks/Macros
Phase 1.4 Constrain Clocks/Macros | Checksum: 1e8aca6c3

Time (s): cpu = 00:00:01 ; elapsed = 00:00:00.408 . Memory (MB): peak = 1885.355 ; gain = 0.000
Phase 1 Placer Initialization | Checksum: 1e8aca6c3

Time (s): cpu = 00:00:01 ; elapsed = 00:00:00.416 . Memory (MB): peak = 1885.355 ; gain = 0.000

Phase 2 Global Placement

Phase 2.1 Floorplanning
Phase 2.1 Floorplanning | Checksum: 291c84395

Time (s): cpu = 00:00:01 ; elapsed = 00:00:00.519 . Memory (MB): peak = 1885.355 ; gain = 0.000

Phase 2.2 Update Timing before SLR Path Opt
Phase 2.2 Update Timing before SLR Path Opt | Checksum: 278ce30dd

Time (s): cpu = 00:00:01 ; elapsed = 00:00:00.614 . Memory (MB): peak = 1885.355 ; gain = 0.000

Phase 2.3 Post-Processing in Floorplanning
Phase 2.3 Post-Processing in Floorplanning | Checksum: 278ce30dd

Time (s): cpu = 00:00:01 ; elapsed = 00:00:00.617 . Memory (MB): peak = 1885.355 ; gain = 0.000

Phase 2.4 Global Place Phase1
Phase 2.4 Global Place Phase1 | Checksum: 292288636

Time (s): cpu = 00:00:03 ; elapsed = 00:00:01 . Memory (MB): peak = 1885.355 ; gain = 0.000

Phase 2.5 Global Place Phase2

Phase 2.5.1 UpdateTiming Before Physical Synthesis
Phase 2.5.1 UpdateTiming Before Physical Synthesis | Checksum: 25f41dc58

Time (s): cpu = 00:00:03 ; elapsed = 00:00:02 . Memory (MB): peak = 1885.355 ; gain = 0.000

Phase 2.5.2 Physical Synthesis In Placer
INFO: [Physopt 32-1035] Found 3 LUTNM shape to break, 16 LUT instances to create LUTNM shape
INFO: [Physopt 32-1044] Break lutnm for timing: one critical 2, two critical 1, total 3, new lutff created 0
INFO: [Physopt 32-1138] End 1 Pass. Optimized 10 nets or LUTs. Breaked 3 LUTs, combined 7 existing LUTs and moved 0 existing LUT
INFO: [Physopt 32-65] No nets found for high-fanout optimization.
INFO: [Physopt 32-232] Optimized 0 net. Created 0 new instance.
INFO: [Physopt 32-775] End 1 Pass. Optimized 0 net or cell. Created 0 new cell, deleted 0 existing cell and moved 0 existing cell
INFO: [Physopt 32-456] No candidate cells for DSP register optimization found in the design.
INFO: [Physopt 32-775] End 2 Pass. Optimized 0 net or cell. Created 0 new cell, deleted 0 existing cell and moved 0 existing cell
INFO: [Physopt 32-1123] No candidate cells found for Shift Register to Pipeline optimization
INFO: [Physopt 32-775] End 2 Pass. Optimized 0 net or cell. Created 0 new cell, deleted 0 existing cell and moved 0 existing cell
INFO: [Physopt 32-1401] No candidate cells found for Shift Register optimization.
INFO: [Physopt 32-677] No candidate cells for Shift Register optimization found in the design
INFO: [Physopt 32-775] End 1 Pass. Optimized 0 net or cell. Created 0 new cell, deleted 0 existing cell and moved 0 existing cell
INFO: [Physopt 32-526] No candidate cells for BRAM register optimization found in the design
INFO: [Physopt 32-775] End 1 Pass. Optimized 0 net or cell. Created 0 new cell, deleted 0 existing cell and moved 0 existing cell
INFO: [Physopt 32-846] No candidate cells for URAM register optimization found in the design
INFO: [Physopt 32-775] End 1 Pass. Optimized 0 net or cell. Created 0 new cell, deleted 0 existing cell and moved 0 existing cell
INFO: [Physopt 32-846] No candidate cells for URAM register optimization found in the design
INFO: [Physopt 32-775] End 1 Pass. Optimized 0 net or cell. Created 0 new cell, deleted 0 existing cell and moved 0 existing cell
INFO: [Physopt 32-949] No candidate nets found for dynamic/static region interface net replication
INFO: [Physopt 32-775] End 1 Pass. Optimized 0 net or cell. Created 0 new cell, deleted 0 existing cell and moved 0 existing cell
Netlist sorting complete. Time (s): cpu = 00:00:00 ; elapsed = 00:00:00 . Memory (MB): peak = 1885.355 ; gain = 0.000

Summary of Physical Synthesis Optimizations
============================================


-----------------------------------------------------------------------------------------------------------------------------------------------------------
|  Optimization                                     |  Added Cells  |  Removed Cells  |  Optimized Cells/Nets  |  Dont Touch  |  Iterations  |  Elapsed   |
-----------------------------------------------------------------------------------------------------------------------------------------------------------
|  LUT Combining                                    |            3  |              7  |                    10  |           0  |           1  |  00:00:00  |
|  Retime                                           |            0  |              0  |                     0  |           0  |           1  |  00:00:00  |
|  Very High Fanout                                 |            0  |              0  |                     0  |           0  |           1  |  00:00:00  |
|  DSP Register                                     |            0  |              0  |                     0  |           0  |           1  |  00:00:00  |
|  Shift Register to Pipeline                       |            0  |              0  |                     0  |           0  |           1  |  00:00:00  |
|  Shift Register                                   |            0  |              0  |                     0  |           0  |           1  |  00:00:00  |
|  BRAM Register                                    |            0  |              0  |                     0  |           0  |           1  |  00:00:00  |
|  URAM Register                                    |            0  |              0  |                     0  |           0  |           1  |  00:00:00  |
|  Dynamic/Static Region Interface Net Replication  |            0  |              0  |                     0  |           0  |           1  |  00:00:00  |
|  Total                                            |            3  |              7  |                    10  |           0  |           9  |  00:00:00  |
-----------------------------------------------------------------------------------------------------------------------------------------------------------


Phase 2.5.2 Physical Synthesis In Placer | Checksum: 2b345e315

Time (s): cpu = 00:00:03 ; elapsed = 00:00:02 . Memory (MB): peak = 1885.355 ; gain = 0.000
Phase 2.5 Global Place Phase2 | Checksum: 2a057086c

Time (s): cpu = 00:00:03 ; elapsed = 00:00:02 . Memory (MB): peak = 1885.355 ; gain = 0.000
Phase 2 Global Placement | Checksum: 2a057086c

Time (s): cpu = 00:00:03 ; elapsed = 00:00:02 . Memory (MB): peak = 1885.355 ; gain = 0.000

Phase 3 Detail Placement

Phase 3.1 Commit Multi Column Macros
Phase 3.1 Commit Multi Column Macros | Checksum: 2405955d9

Time (s): cpu = 00:00:04 ; elapsed = 00:00:02 . Memory (MB): peak = 1885.355 ; gain = 0.000

Phase 3.2 Commit Most Macros & LUTRAMs
Phase 3.2 Commit Most Macros & LUTRAMs | Checksum: 2b5f5f38d

Time (s): cpu = 00:00:04 ; elapsed = 00:00:02 . Memory (MB): peak = 1885.355 ; gain = 0.000

Phase 3.3 Area Swap Optimization
Phase 3.3 Area Swap Optimization | Checksum: 1cd3c4f8a

Time (s): cpu = 00:00:04 ; elapsed = 00:00:02 . Memory (MB): peak = 1885.355 ; gain = 0.000

Phase 3.4 Pipeline Register Optimization
Phase 3.4 Pipeline Register Optimization | Checksum: 2625080da

Time (s): cpu = 00:00:04 ; elapsed = 00:00:02 . Memory (MB): peak = 1885.355 ; gain = 0.000

Phase 3.5 Fast Optimization
Phase 3.5 Fast Optimization | Checksum: 288625e7a

Time (s): cpu = 00:00:04 ; elapsed = 00:00:02 . Memory (MB): peak = 1885.355 ; gain = 0.000

Phase 3.6 Small Shape Detail Placement
Phase 3.6 Small Shape Detail Placement | Checksum: 28c0a22be

Time (s): cpu = 00:00:05 ; elapsed = 00:00:03 . Memory (MB): peak = 1885.355 ; gain = 0.000

Phase 3.7 Re-assign LUT pins
Phase 3.7 Re-assign LUT pins | Checksum: 29956ac79

Time (s): cpu = 00:00:05 ; elapsed = 00:00:03 . Memory (MB): peak = 1885.355 ; gain = 0.000

Phase 3.8 Pipeline Register Optimization
Phase 3.8 Pipeline Register Optimization | Checksum: 2fa6ba385

Time (s): cpu = 00:00:05 ; elapsed = 00:00:03 . Memory (MB): peak = 1885.355 ; gain = 0.000
Phase 3 Detail Placement | Checksum: 2fa6ba385

Time (s): cpu = 00:00:05 ; elapsed = 00:00:03 . Memory (MB): peak = 1885.355 ; gain = 0.000

Phase 4 Post Placement Optimization and Clean-Up

Phase 4.1 Post Commit Optimization
INFO: [Timing 38-35] Done setting XDC timing constraints.

Phase 4.1.1 Post Placement Optimization
Post Placement Optimization Initialization | Checksum: 22f48dff9

Phase 4.1.1.1 BUFG Insertion

Starting Physical Synthesis Task

Phase 1 Physical Synthesis Initialization
INFO: [Physopt 32-721] Multithreading enabled for phys_opt_design using a maximum of 2 CPUs
INFO: [Physopt 32-619] Estimated Timing Summary | WNS=-0.667 | TNS=-1.510 |
Phase 1 Physical Synthesis Initialization | Checksum: 1ce5d0c44

Time (s): cpu = 00:00:00 ; elapsed = 00:00:00.020 . Memory (MB): peak = 1885.355 ; gain = 0.000
INFO: [Place 46-56] BUFG insertion identified 0 candidate nets. Inserted BUFG: 0, Replicated BUFG Driver: 0, Skipped due to Placement/Routing Conflicts: 0, Skipped due to Timing Degradation: 0, Skipped due to netlist editing failed: 0.
Ending Physical Synthesis Task | Checksum: 26a5b1cde

Time (s): cpu = 00:00:00 ; elapsed = 00:00:00.023 . Memory (MB): peak = 1885.355 ; gain = 0.000
Phase 4.1.1.1 BUFG Insertion | Checksum: 22f48dff9

Time (s): cpu = 00:00:05 ; elapsed = 00:00:03 . Memory (MB): peak = 1885.355 ; gain = 0.000

Phase 4.1.1.2 Post Placement Timing Optimization
INFO: [Place 30-746] Post Placement Timing Summary WNS=0.506. For the most accurate timing information please run report_timing.
Phase 4.1.1.2 Post Placement Timing Optimization | Checksum: 271637fe6

Time (s): cpu = 00:00:09 ; elapsed = 00:00:07 . Memory (MB): peak = 1885.355 ; gain = 0.000

Time (s): cpu = 00:00:09 ; elapsed = 00:00:07 . Memory (MB): peak = 1885.355 ; gain = 0.000
Phase 4.1 Post Commit Optimization | Checksum: 271637fe6

Time (s): cpu = 00:00:09 ; elapsed = 00:00:07 . Memory (MB): peak = 1885.355 ; gain = 0.000

Phase 4.2 Post Placement Cleanup
Phase 4.2 Post Placement Cleanup | Checksum: 271637fe6

Time (s): cpu = 00:00:09 ; elapsed = 00:00:07 . Memory (MB): peak = 1885.355 ; gain = 0.000

Phase 4.3 Placer Reporting

Phase 4.3.1 Print Estimated Congestion
INFO: [Place 30-612] Post-Placement Estimated Congestion 
 ____________________________________________________
|           | Global Congestion | Short Congestion  |
| Direction | Region Size       | Region Size       |
|___________|___________________|___________________|
|      North|                1x1|                1x1|
|___________|___________________|___________________|
|      South|                1x1|                1x1|
|___________|___________________|___________________|
|       East|                1x1|                1x1|
|___________|___________________|___________________|
|       West|                1x1|                1x1|
|___________|___________________|___________________|

Phase 4.3.1 Print Estimated Congestion | Checksum: 271637fe6

Time (s): cpu = 00:00:09 ; elapsed = 00:00:07 . Memory (MB): peak = 1885.355 ; gain = 0.000
Phase 4.3 Placer Reporting | Checksum: 271637fe6

Time (s): cpu = 00:00:09 ; elapsed = 00:00:07 . Memory (MB): peak = 1885.355 ; gain = 0.000

Phase 4.4 Final Placement Cleanup
Netlist sorting complete. Time (s): cpu = 00:00:00 ; elapsed = 00:00:00 . Memory (MB): peak = 1885.355 ; gain = 0.000

Time (s): cpu = 00:00:09 ; elapsed = 00:00:07 . Memory (MB): peak = 1885.355 ; gain = 0.000
Phase 4 Post Placement Optimization and Clean-Up | Checksum: 282eede15

Time (s): cpu = 00:00:09 ; elapsed = 00:00:07 . Memory (MB): peak = 1885.355 ; gain = 0.000
Ending Placer Task | Checksum: 198c85c62

Time (s): cpu = 00:00:09 ; elapsed = 00:00:07 . Memory (MB): peak = 1885.355 ; gain = 0.000
76 Infos, 0 Warnings, 0 Critical Warnings and 0 Errors encountered.
place_design completed successfully
place_design: Time (s): cpu = 00:00:10 ; elapsed = 00:00:07 . Memory (MB): peak = 1885.355 ; gain = 0.000
INFO: [Vivado 12-24838] Running report commands "report_control_sets, report_io, report_utilization" in parallel.
Running report generation with 2 threads.
INFO: [Vivado 12-24828] Executing command : report_utilization -file ras_fpga_top_utilization_placed.rpt -pb ras_fpga_top_utilization_placed.pb
INFO: [Vivado 12-24828] Executing command : report_control_sets -verbose -file ras_fpga_top_control_sets_placed.rpt
report_control_sets: Time (s): cpu = 00:00:00 ; elapsed = 00:00:00.005 . Memory (MB): peak = 1885.355 ; gain = 0.000
INFO: [Vivado 12-24828] Executing command : report_io -file ras_fpga_top_io_placed.rpt
report_io: Time (s): cpu = 00:00:00 ; elapsed = 00:00:00.054 . Memory (MB): peak = 1885.355 ; gain = 0.000
INFO: [Timing 38-480] Writing timing data to binary archive.
Wrote PlaceDB: Time (s): cpu = 00:00:00 ; elapsed = 00:00:00 . Memory (MB): peak = 1885.355 ; gain = 0.000
Write ShapeDB Complete: Time (s): cpu = 00:00:00 ; elapsed = 00:00:00.003 . Memory (MB): peak = 1885.355 ; gain = 0.000
Wrote PulsedLatchDB: Time (s): cpu = 00:00:00 ; elapsed = 00:00:00 . Memory (MB): peak = 1885.355 ; gain = 0.000
Writing XDEF routing.
Writing XDEF routing logical nets.
Writing XDEF routing special nets.
Wrote RouteStorage: Time (s): cpu = 00:00:00 ; elapsed = 00:00:00.011 . Memory (MB): peak = 1885.355 ; gain = 0.000
Wrote PlaceStorage: Time (s): cpu = 00:00:00 ; elapsed = 00:00:00.034 . Memory (MB): peak = 1885.355 ; gain = 0.000
Wrote Netlist Cache: Time (s): cpu = 00:00:00 ; elapsed = 00:00:00.001 . Memory (MB): peak = 1885.355 ; gain = 0.000
Wrote Device Cache: Time (s): cpu = 00:00:00 ; elapsed = 00:00:00.003 . Memory (MB): peak = 1885.355 ; gain = 0.000
Write Physdb Complete: Time (s): cpu = 00:00:00 ; elapsed = 00:00:00.056 . Memory (MB): peak = 1885.355 ; gain = 0.000
INFO: [Common 17-1381] The checkpoint 'C:/Users/aksha/Downloads/RL_Adaptive_RISCV_AI_SoC/RL_Adaptive_RISCV_AI_SoC/RL_Adaptive_RISCV_AI_SoC.runs/impl_1/ras_fpga_top_placed.dcp' has been generated.
Command: phys_opt_design -directive Explore
Attempting to get a license for feature 'Implementation' and/or device 'xc7a100t'
INFO: [Common 17-349] Got license for feature 'Implementation' and/or device 'xc7a100t'
INFO: [Vivado_Tcl 4-137] Directive used for phys_opt_design is: Explore

Starting Initial Update Timing Task

Time (s): cpu = 00:00:00 ; elapsed = 00:00:00.132 . Memory (MB): peak = 1885.355 ; gain = 0.000
INFO: [Vivado_Tcl 4-2279] Estimated Timing Summary | WNS= 0.538 | TNS= 0.000 | 
INFO: [Vivado_Tcl 4-383] Design worst setup slack (WNS) is greater than or equal to 0.000 ns. All physical synthesis setup optimizations will be skipped.
INFO: [Vivado_Tcl 4-232] No setup violation found. The netlist was not modified.
INFO: [Common 17-83] Releasing license: Implementation
88 Infos, 0 Warnings, 0 Critical Warnings and 0 Errors encountered.
phys_opt_design completed successfully
INFO: [Timing 38-480] Writing timing data to binary archive.
Write ShapeDB Complete: Time (s): cpu = 00:00:00 ; elapsed = 00:00:00.003 . Memory (MB): peak = 1885.355 ; gain = 0.000
Wrote PlaceDB: Time (s): cpu = 00:00:00 ; elapsed = 00:00:00 . Memory (MB): peak = 1885.355 ; gain = 0.000
Wrote PulsedLatchDB: Time (s): cpu = 00:00:00 ; elapsed = 00:00:00 . Memory (MB): peak = 1885.355 ; gain = 0.000
Writing XDEF routing.
Writing XDEF routing logical nets.
Writing XDEF routing special nets.
Wrote RouteStorage: Time (s): cpu = 00:00:00 ; elapsed = 00:00:00.012 . Memory (MB): peak = 1885.355 ; gain = 0.000
Wrote PlaceStorage: Time (s): cpu = 00:00:00 ; elapsed = 00:00:00.033 . Memory (MB): peak = 1885.355 ; gain = 0.000
Wrote Netlist Cache: Time (s): cpu = 00:00:00 ; elapsed = 00:00:00.001 . Memory (MB): peak = 1885.355 ; gain = 0.000
Wrote Device Cache: Time (s): cpu = 00:00:00 ; elapsed = 00:00:00.003 . Memory (MB): peak = 1885.355 ; gain = 0.000
Write Physdb Complete: Time (s): cpu = 00:00:00 ; elapsed = 00:00:00.057 . Memory (MB): peak = 1885.355 ; gain = 0.000
INFO: [Common 17-1381] The checkpoint 'C:/Users/aksha/Downloads/RL_Adaptive_RISCV_AI_SoC/RL_Adaptive_RISCV_AI_SoC/RL_Adaptive_RISCV_AI_SoC.runs/impl_1/ras_fpga_top_physopt.dcp' has been generated.
Command: route_design -directive Explore -tns_cleanup
Attempting to get a license for feature 'Implementation' and/or device 'xc7a100t'
INFO: [Common 17-349] Got license for feature 'Implementation' and/or device 'xc7a100t'


Starting Routing Task
INFO: [Route 35-270] Using Router directive 'Explore'.
INFO: [Route 35-254] Multithreading enabled for route_design using a maximum of 2 CPUs

Phase 1 Build RT Design
Checksum: PlaceDB: ca1757c0 ConstDB: 0 ShapeSum: 1cdea50c RouteDB: b1d25f96
Post Restoration Checksum: NetGraph: 91e327ed | NumContArr: 497317de | Constraints: c2a8fa9d | Timing: c2a8fa9d
Phase 1 Build RT Design | Checksum: 260a83505

Time (s): cpu = 00:00:19 ; elapsed = 00:00:18 . Memory (MB): peak = 1885.355 ; gain = 0.000

Phase 2 Router Initialization

Phase 2.1 Fix Topology Constraints
Phase 2.1 Fix Topology Constraints | Checksum: 260a83505

Time (s): cpu = 00:00:19 ; elapsed = 00:00:18 . Memory (MB): peak = 1885.355 ; gain = 0.000

Phase 2.2 Pre Route Cleanup
Phase 2.2 Pre Route Cleanup | Checksum: 260a83505

Time (s): cpu = 00:00:19 ; elapsed = 00:00:18 . Memory (MB): peak = 1885.355 ; gain = 0.000
 Number of Nodes with overlaps = 0

Phase 2.3 Update Timing
Phase 2.3 Update Timing | Checksum: 28e328845

Time (s): cpu = 00:00:20 ; elapsed = 00:00:18 . Memory (MB): peak = 1899.555 ; gain = 14.199
INFO: [Route 35-416] Intermediate Timing Summary | WNS=0.679  | TNS=0.000  | WHS=-0.145 | THS=-3.791 |


Phase 2.4 Soft Constraint Pins - Fast Budgeting
Phase 2.4 Soft Constraint Pins - Fast Budgeting | Checksum: 2af0a2622

Time (s): cpu = 00:00:20 ; elapsed = 00:00:18 . Memory (MB): peak = 1924.125 ; gain = 38.770

Router Utilization Summary
  Global Vertical Routing Utilization    = 0 %
  Global Horizontal Routing Utilization  = 0 %
  Routable Net Status*
  *Does not include unroutable nets such as driverless and loadless.
  Run report_route_status for detailed report.
  Number of Failed Nets               = 1251
    (Failed Nets is the sum of unrouted and partially routed nets)
  Number of Unrouted Nets             = 1251
  Number of Partially Routed Nets     = 0
  Number of Node Overlaps             = 0

Phase 2 Router Initialization | Checksum: 236ee35aa

Time (s): cpu = 00:00:20 ; elapsed = 00:00:18 . Memory (MB): peak = 1924.125 ; gain = 38.770

Phase 3 Global Routing
Phase 3 Global Routing | Checksum: 236ee35aa

Time (s): cpu = 00:00:20 ; elapsed = 00:00:18 . Memory (MB): peak = 1924.125 ; gain = 38.770

Phase 4 Initial Routing

Phase 4.1 Initial Net Routing Pass
Phase 4.1 Initial Net Routing Pass | Checksum: 1dc31c412

Time (s): cpu = 00:00:21 ; elapsed = 00:00:19 . Memory (MB): peak = 1924.125 ; gain = 38.770
Phase 4 Initial Routing | Checksum: 1dc31c412

Time (s): cpu = 00:00:21 ; elapsed = 00:00:19 . Memory (MB): peak = 1924.125 ; gain = 38.770

Phase 5 Rip-up And Reroute

Phase 5.1 Global Iteration 0
 Number of Nodes with overlaps = 392
 Number of Nodes with overlaps = 190
 Number of Nodes with overlaps = 131
 Number of Nodes with overlaps = 88
 Number of Nodes with overlaps = 64
 Number of Nodes with overlaps = 29
 Number of Nodes with overlaps = 16
 Number of Nodes with overlaps = 12
 Number of Nodes with overlaps = 10
 Number of Nodes with overlaps = 7
 Number of Nodes with overlaps = 2
 Number of Nodes with overlaps = 0
INFO: [Route 35-416] Intermediate Timing Summary | WNS=-0.326 | TNS=-0.919 | WHS=N/A    | THS=N/A    |

Phase 5.1 Global Iteration 0 | Checksum: 2d4dc87ee

Time (s): cpu = 00:00:25 ; elapsed = 00:00:22 . Memory (MB): peak = 1924.125 ; gain = 38.770

Phase 5.2 Global Iteration 1
 Number of Nodes with overlaps = 132
 Number of Nodes with overlaps = 67
 Number of Nodes with overlaps = 36
 Number of Nodes with overlaps = 8
 Number of Nodes with overlaps = 3
 Number of Nodes with overlaps = 1
 Number of Nodes with overlaps = 3
 Number of Nodes with overlaps = 1
 Number of Nodes with overlaps = 0
INFO: [Route 35-416] Intermediate Timing Summary | WNS=-0.402 | TNS=-0.903 | WHS=N/A    | THS=N/A    |

Phase 5.2 Global Iteration 1 | Checksum: 2cb3ebd90

Time (s): cpu = 00:00:27 ; elapsed = 00:00:23 . Memory (MB): peak = 1924.125 ; gain = 38.770
Phase 5 Rip-up And Reroute | Checksum: 2cb3ebd90

Time (s): cpu = 00:00:27 ; elapsed = 00:00:23 . Memory (MB): peak = 1924.125 ; gain = 38.770

Phase 6 Delay and Skew Optimization

Phase 6.1 TNS Cleanup

Phase 6.1.1 Delay CleanUp

Phase 6.1.1.1 Update Timing
Phase 6.1.1.1 Update Timing | Checksum: 2b90c69a2

Time (s): cpu = 00:00:27 ; elapsed = 00:00:23 . Memory (MB): peak = 1924.125 ; gain = 38.770
INFO: [Route 35-416] Intermediate Timing Summary | WNS=-0.246 | TNS=-0.551 | WHS=N/A    | THS=N/A    |

 Number of Nodes with overlaps = 0

Phase 6.1.1.2 Update Timing
Phase 6.1.1.2 Update Timing | Checksum: 2cdbe0d25

Time (s): cpu = 00:00:27 ; elapsed = 00:00:23 . Memory (MB): peak = 1924.125 ; gain = 38.770
INFO: [Route 35-416] Intermediate Timing Summary | WNS=-0.246 | TNS=-0.551 | WHS=N/A    | THS=N/A    |

Phase 6.1.1 Delay CleanUp | Checksum: 2ffa6329a

Time (s): cpu = 00:00:27 ; elapsed = 00:00:23 . Memory (MB): peak = 1924.125 ; gain = 38.770
Phase 6.1 TNS Cleanup | Checksum: 2ffa6329a

Time (s): cpu = 00:00:27 ; elapsed = 00:00:23 . Memory (MB): peak = 1924.125 ; gain = 38.770

Phase 6.2 Clock Skew Optimization
Phase 6.2 Clock Skew Optimization | Checksum: 2ffa6329a

Time (s): cpu = 00:00:27 ; elapsed = 00:00:23 . Memory (MB): peak = 1924.125 ; gain = 38.770
Phase 6 Delay and Skew Optimization | Checksum: 2ffa6329a

Time (s): cpu = 00:00:27 ; elapsed = 00:00:23 . Memory (MB): peak = 1924.125 ; gain = 38.770

Phase 7 Post Hold Fix

Phase 7.1 Hold Fix Iter
INFO: [Route 35-416] Intermediate Timing Summary | WNS=-0.246 | TNS=-0.551 | WHS=0.106  | THS=0.000  |

Phase 7.1 Hold Fix Iter | Checksum: 22e110b8b

Time (s): cpu = 00:00:27 ; elapsed = 00:00:23 . Memory (MB): peak = 1924.125 ; gain = 38.770
Phase 7 Post Hold Fix | Checksum: 22e110b8b

Time (s): cpu = 00:00:27 ; elapsed = 00:00:23 . Memory (MB): peak = 1924.125 ; gain = 38.770

Phase 8 Timing Verification

Phase 8.1 Update Timing
Phase 8.1 Update Timing | Checksum: 22e110b8b

Time (s): cpu = 00:00:27 ; elapsed = 00:00:23 . Memory (MB): peak = 1924.125 ; gain = 38.770
INFO: [Route 35-416] Intermediate Timing Summary | WNS=-0.246 | TNS=-0.551 | WHS=0.106  | THS=0.000  |

Phase 8 Timing Verification | Checksum: 22e110b8b

Time (s): cpu = 00:00:27 ; elapsed = 00:00:23 . Memory (MB): peak = 1924.125 ; gain = 38.770

Phase 9 Route finalize

Router Utilization Summary
  Global Vertical Routing Utilization    = 0.217174 %
  Global Horizontal Routing Utilization  = 0.279554 %
  Routable Net Status*
  *Does not include unroutable nets such as driverless and loadless.
  Run report_route_status for detailed report.
  Number of Failed Nets               = 0
    (Failed Nets is the sum of unrouted and partially routed nets)
  Number of Unrouted Nets             = 0
  Number of Partially Routed Nets     = 0
  Number of Node Overlaps             = 0


--GLOBAL Congestion:
Utilization threshold used for congestion level computation: 0.85
Congestion Report
North Dir 1x1 Area, Max Cong = 63.0631%, No Congested Regions.
South Dir 1x1 Area, Max Cong = 36.036%, No Congested Regions.
East Dir 1x1 Area, Max Cong = 61.7647%, No Congested Regions.
West Dir 1x1 Area, Max Cong = 42.6471%, No Congested Regions.

------------------------------
Reporting congestion hotspots
------------------------------
Direction: North
----------------
Congested clusters found at Level 0
Effective congestion level: 0 Aspect Ratio: 1 Sparse Ratio: 0
Direction: South
----------------
Congested clusters found at Level 0
Effective congestion level: 0 Aspect Ratio: 1 Sparse Ratio: 0
Direction: East
----------------
Congested clusters found at Level 0
Effective congestion level: 0 Aspect Ratio: 1 Sparse Ratio: 0
Direction: West
----------------
Congested clusters found at Level 0
Effective congestion level: 0 Aspect Ratio: 1 Sparse Ratio: 0

Phase 9 Route finalize | Checksum: 22e110b8b

Time (s): cpu = 00:00:27 ; elapsed = 00:00:23 . Memory (MB): peak = 1924.125 ; gain = 38.770

Phase 10 Verifying routed nets

 Verification completed successfully
Phase 10 Verifying routed nets | Checksum: 22e110b8b

Time (s): cpu = 00:00:27 ; elapsed = 00:00:23 . Memory (MB): peak = 1924.125 ; gain = 38.770

Phase 11 Depositing Routes
Phase 11 Depositing Routes | Checksum: 1f29e9c82

Time (s): cpu = 00:00:27 ; elapsed = 00:00:24 . Memory (MB): peak = 1924.125 ; gain = 38.770

Phase 12 Incr Placement Change
Netlist sorting complete. Time (s): cpu = 00:00:00 ; elapsed = 00:00:00.001 . Memory (MB): peak = 1924.125 ; gain = 0.000
INFO: [Place 30-746] Post Placement Timing Summary WNS=0.509. For the most accurate timing information please run report_timing.
Ending IncrPlace Task | Checksum: 14dbea390

Time (s): cpu = 00:00:03 ; elapsed = 00:00:02 . Memory (MB): peak = 1924.125 ; gain = 0.000
Google Cpuprofiler is only supported on Linux.
Phase 12 Incr Placement Change | Checksum: 14dbea390

Time (s): cpu = 00:00:30 ; elapsed = 00:00:25 . Memory (MB): peak = 1924.125 ; gain = 38.770

Phase 13 Build RT Design
Checksum: PlaceDB: 833530a ConstDB: 0 ShapeSum: 6e281e4a RouteDB: d763323c
Post Restoration Checksum: NetGraph: 87fe8636 | NumContArr: d851f8ba | Constraints: c2a8fa9d | Timing: c2a8fa9d
Phase 13 Build RT Design | Checksum: 2e5a2742a

Time (s): cpu = 00:00:30 ; elapsed = 00:00:26 . Memory (MB): peak = 1924.125 ; gain = 38.770

Phase 14 Router Initialization

Phase 14.1 Fix Topology Constraints
Phase 14.1 Fix Topology Constraints | Checksum: 2e5a2742a

Time (s): cpu = 00:00:30 ; elapsed = 00:00:26 . Memory (MB): peak = 1924.125 ; gain = 38.770

Phase 14.2 Pre Route Cleanup
Phase 14.2 Pre Route Cleanup | Checksum: 2448118a3

Time (s): cpu = 00:00:30 ; elapsed = 00:00:26 . Memory (MB): peak = 1924.125 ; gain = 38.770
 Number of Nodes with overlaps = 0

Phase 14.3 Update Timing
Phase 14.3 Update Timing | Checksum: 2de11a6ac

Time (s): cpu = 00:00:31 ; elapsed = 00:00:26 . Memory (MB): peak = 1924.125 ; gain = 38.770
INFO: [Route 35-416] Intermediate Timing Summary | WNS=0.588  | TNS=0.000  | WHS=-0.145 | THS=-3.655 |


Phase 14.4 Soft Constraint Pins - Fast Budgeting
Phase 14.4 Soft Constraint Pins - Fast Budgeting | Checksum: 26d0fd373

Time (s): cpu = 00:00:31 ; elapsed = 00:00:26 . Memory (MB): peak = 1925.133 ; gain = 39.777

Router Utilization Summary
  Global Vertical Routing Utilization    = 0.212082 %
  Global Horizontal Routing Utilization  = 0.27451 %
  Routable Net Status*
  *Does not include unroutable nets such as driverless and loadless.
  Run report_route_status for detailed report.
  Number of Failed Nets               = 89
    (Failed Nets is the sum of unrouted and partially routed nets)
  Number of Unrouted Nets             = 37
  Number of Partially Routed Nets     = 52
  Number of Node Overlaps             = 0

Phase 14 Router Initialization | Checksum: 26d0fd373

Time (s): cpu = 00:00:31 ; elapsed = 00:00:26 . Memory (MB): peak = 1925.133 ; gain = 39.777

Phase 15 Global Routing
Phase 15 Global Routing | Checksum: 26d0fd373

Time (s): cpu = 00:00:31 ; elapsed = 00:00:26 . Memory (MB): peak = 1925.133 ; gain = 39.777

Phase 16 Initial Routing

Phase 16.1 Initial Net Routing Pass
Phase 16.1 Initial Net Routing Pass | Checksum: 1f44b0666

Time (s): cpu = 00:00:31 ; elapsed = 00:00:26 . Memory (MB): peak = 1925.133 ; gain = 39.777
Phase 16 Initial Routing | Checksum: 1f44b0666

Time (s): cpu = 00:00:31 ; elapsed = 00:00:26 . Memory (MB): peak = 1925.133 ; gain = 39.777

Phase 17 Rip-up And Reroute

Phase 17.1 Global Iteration 0
 Number of Nodes with overlaps = 276
 Number of Nodes with overlaps = 158
 Number of Nodes with overlaps = 107
 Number of Nodes with overlaps = 68
 Number of Nodes with overlaps = 46
 Number of Nodes with overlaps = 25
 Number of Nodes with overlaps = 18
 Number of Nodes with overlaps = 21
 Number of Nodes with overlaps = 9
 Number of Nodes with overlaps = 3
 Number of Nodes with overlaps = 6
 Number of Nodes with overlaps = 2
 Number of Nodes with overlaps = 0
INFO: [Route 35-416] Intermediate Timing Summary | WNS=0.136  | TNS=0.000  | WHS=N/A    | THS=N/A    |

Phase 17.1 Global Iteration 0 | Checksum: 19307b42a

Time (s): cpu = 00:00:35 ; elapsed = 00:00:29 . Memory (MB): peak = 1925.133 ; gain = 39.777
Phase 17 Rip-up And Reroute | Checksum: 19307b42a

Time (s): cpu = 00:00:35 ; elapsed = 00:00:29 . Memory (MB): peak = 1925.133 ; gain = 39.777

Phase 18 Delay and Skew Optimization

Phase 18.1 TNS Cleanup

Phase 18.1.1 Delay CleanUp
Phase 18.1.1 Delay CleanUp | Checksum: 19307b42a

Time (s): cpu = 00:00:35 ; elapsed = 00:00:29 . Memory (MB): peak = 1925.133 ; gain = 39.777
Phase 18.1 TNS Cleanup | Checksum: 19307b42a

Time (s): cpu = 00:00:35 ; elapsed = 00:00:29 . Memory (MB): peak = 1925.133 ; gain = 39.777

Phase 18.2 Clock Skew Optimization
Phase 18.2 Clock Skew Optimization | Checksum: 19307b42a

Time (s): cpu = 00:00:35 ; elapsed = 00:00:29 . Memory (MB): peak = 1925.133 ; gain = 39.777
Phase 18 Delay and Skew Optimization | Checksum: 19307b42a

Time (s): cpu = 00:00:35 ; elapsed = 00:00:29 . Memory (MB): peak = 1925.133 ; gain = 39.777

Phase 19 Post Hold Fix

Phase 19.1 Hold Fix Iter
INFO: [Route 35-416] Intermediate Timing Summary | WNS=0.216  | TNS=0.000  | WHS=0.106  | THS=0.000  |

Phase 19.1 Hold Fix Iter | Checksum: 268f08762

Time (s): cpu = 00:00:35 ; elapsed = 00:00:29 . Memory (MB): peak = 1925.133 ; gain = 39.777
Phase 19 Post Hold Fix | Checksum: 268f08762

Time (s): cpu = 00:00:35 ; elapsed = 00:00:29 . Memory (MB): peak = 1925.133 ; gain = 39.777

Phase 20 Timing Verification

Phase 20.1 Update Timing
Phase 20.1 Update Timing | Checksum: 268f08762

Time (s): cpu = 00:00:35 ; elapsed = 00:00:29 . Memory (MB): peak = 1925.133 ; gain = 39.777
INFO: [Route 35-416] Intermediate Timing Summary | WNS=0.216  | TNS=0.000  | WHS=0.106  | THS=0.000  |

Phase 20 Timing Verification | Checksum: 268f08762

Time (s): cpu = 00:00:35 ; elapsed = 00:00:29 . Memory (MB): peak = 1925.133 ; gain = 39.777

Phase 21 Route finalize

Router Utilization Summary
  Global Vertical Routing Utilization    = 0.226836 %
  Global Horizontal Routing Utilization  = 0.292839 %
  Routable Net Status*
  *Does not include unroutable nets such as driverless and loadless.
  Run report_route_status for detailed report.
  Number of Failed Nets               = 0
    (Failed Nets is the sum of unrouted and partially routed nets)
  Number of Unrouted Nets             = 0
  Number of Partially Routed Nets     = 0
  Number of Node Overlaps             = 0

Phase 21 Route finalize | Checksum: 268f08762

Time (s): cpu = 00:00:35 ; elapsed = 00:00:29 . Memory (MB): peak = 1925.133 ; gain = 39.777

Phase 22 Verifying routed nets

 Verification completed successfully
Phase 22 Verifying routed nets | Checksum: 268f08762

Time (s): cpu = 00:00:35 ; elapsed = 00:00:29 . Memory (MB): peak = 1925.133 ; gain = 39.777

Phase 23 Depositing Routes
Phase 23 Depositing Routes | Checksum: 28e3cfe52

Time (s): cpu = 00:00:35 ; elapsed = 00:00:29 . Memory (MB): peak = 1925.133 ; gain = 39.777

Phase 24 Post Process Routing
Phase 24 Post Process Routing | Checksum: 28e3cfe52

Time (s): cpu = 00:00:35 ; elapsed = 00:00:29 . Memory (MB): peak = 1925.133 ; gain = 39.777

Phase 25 Post Router Timing
INFO: [Route 35-20] Post Routing Timing Summary | WNS=0.221  | TNS=0.000  | WHS=0.106  | THS=0.000  |

Phase 25 Post Router Timing | Checksum: 1b643c324

Time (s): cpu = 00:00:36 ; elapsed = 00:00:30 . Memory (MB): peak = 1925.133 ; gain = 39.777
INFO: [Route 35-61] The design met the timing requirement.
Total Elapsed time in route_design: 29.698 secs

Phase 26 Post-Route Event Processing
Phase 26 Post-Route Event Processing | Checksum: 184ba0b72

Time (s): cpu = 00:00:36 ; elapsed = 00:00:30 . Memory (MB): peak = 1925.133 ; gain = 39.777
INFO: [Route 35-16] Router Completed Successfully
Ending Routing Task | Checksum: 184ba0b72

Time (s): cpu = 00:00:36 ; elapsed = 00:00:30 . Memory (MB): peak = 1925.133 ; gain = 39.777

Routing Is Done.
INFO: [Common 17-83] Releasing license: Implementation
109 Infos, 0 Warnings, 0 Critical Warnings and 0 Errors encountered.
route_design completed successfully
route_design: Time (s): cpu = 00:00:36 ; elapsed = 00:00:30 . Memory (MB): peak = 1925.133 ; gain = 39.777
INFO: [Vivado 12-24828] Executing command : report_drc -file ras_fpga_top_drc_routed.rpt -pb ras_fpga_top_drc_routed.pb -rpx ras_fpga_top_drc_routed.rpx
Command: report_drc -file ras_fpga_top_drc_routed.rpt -pb ras_fpga_top_drc_routed.pb -rpx ras_fpga_top_drc_routed.rpx
INFO: [IP_Flow 19-1839] IP Catalog is up to date.
INFO: [DRC 23-27] Running DRC with 2 threads
INFO: [Vivado_Tcl 2-168] The results of DRC are in file C:/Users/aksha/Downloads/RL_Adaptive_RISCV_AI_SoC/RL_Adaptive_RISCV_AI_SoC/RL_Adaptive_RISCV_AI_SoC.runs/impl_1/ras_fpga_top_drc_routed.rpt.
report_drc completed successfully
INFO: [Vivado 12-24828] Executing command : report_methodology -file ras_fpga_top_methodology_drc_routed.rpt -pb ras_fpga_top_methodology_drc_routed.pb -rpx ras_fpga_top_methodology_drc_routed.rpx
Command: report_methodology -file ras_fpga_top_methodology_drc_routed.rpt -pb ras_fpga_top_methodology_drc_routed.pb -rpx ras_fpga_top_methodology_drc_routed.rpx
INFO: [Timing 38-35] Done setting XDC timing constraints.
INFO: [DRC 23-133] Running Methodology with 2 threads
INFO: [Vivado_Tcl 2-1520] The results of Report Methodology are in file C:/Users/aksha/Downloads/RL_Adaptive_RISCV_AI_SoC/RL_Adaptive_RISCV_AI_SoC/RL_Adaptive_RISCV_AI_SoC.runs/impl_1/ras_fpga_top_methodology_drc_routed.rpt.
report_methodology completed successfully
INFO: [Vivado 12-24828] Executing command : report_timing_summary -max_paths 10 -routable_nets -report_unconstrained -file ras_fpga_top_timing_summary_routed.rpt -pb ras_fpga_top_timing_summary_routed.pb -rpx ras_fpga_top_timing_summary_routed.rpx
INFO: [Timing 38-35] Done setting XDC timing constraints.
INFO: [Timing 38-91] UpdateTimingParams: Speed grade: -1, Delay Type: min_max.
INFO: [Timing 38-191] Multithreading enabled for timing update using a maximum of 2 CPUs
INFO: [Vivado 12-24838] Running report commands "report_incremental_reuse, report_route_status" in parallel.
Running report generation with 2 threads.
INFO: [Vivado 12-24828] Executing command : report_incremental_reuse -file ras_fpga_top_incremental_reuse_routed.rpt
INFO: [Vivado_Tcl 4-1062] Incremental flow is disabled. No incremental reuse Info to report.
INFO: [Vivado 12-24828] Executing command : report_route_status -file ras_fpga_top_route_status.rpt -pb ras_fpga_top_route_status.pb
INFO: [Vivado 12-24828] Executing command : report_power -file ras_fpga_top_power_routed.rpt -pb ras_fpga_top_power_summary_routed.pb -rpx ras_fpga_top_power_routed.rpx
Command: report_power -file ras_fpga_top_power_routed.rpt -pb ras_fpga_top_power_summary_routed.pb -rpx ras_fpga_top_power_routed.rpx
Running Vector-less Activity Propagation...

Finished Running Vector-less Activity Propagation
126 Infos, 0 Warnings, 0 Critical Warnings and 0 Errors encountered.
report_power completed successfully
INFO: [Vivado 12-24828] Executing command : report_clock_utilization -file ras_fpga_top_clock_utilization_routed.rpt
INFO: [Vivado 12-24828] Executing command : report_bus_skew -warn_on_violation -file ras_fpga_top_bus_skew_routed.rpt -pb ras_fpga_top_bus_skew_routed.pb -rpx ras_fpga_top_bus_skew_routed.rpx
INFO: [Timing 38-91] UpdateTimingParams: Speed grade: -1, Delay Type: min_max.
INFO: [Timing 38-191] Multithreading enabled for timing update using a maximum of 2 CPUs
INFO: [Timing 38-480] Writing timing data to binary archive.
Wrote PlaceDB: Time (s): cpu = 00:00:00 ; elapsed = 00:00:00 . Memory (MB): peak = 1925.133 ; gain = 0.000
Write ShapeDB Complete: Time (s): cpu = 00:00:00 ; elapsed = 00:00:00.003 . Memory (MB): peak = 1925.133 ; gain = 0.000
Wrote PulsedLatchDB: Time (s): cpu = 00:00:00 ; elapsed = 00:00:00 . Memory (MB): peak = 1925.133 ; gain = 0.000
Writing XDEF routing.
Writing XDEF routing logical nets.
Writing XDEF routing special nets.
Wrote RouteStorage: Time (s): cpu = 00:00:00 ; elapsed = 00:00:00.021 . Memory (MB): peak = 1925.133 ; gain = 0.000
Wrote PlaceStorage: Time (s): cpu = 00:00:00 ; elapsed = 00:00:00.033 . Memory (MB): peak = 1925.133 ; gain = 0.000
Wrote Netlist Cache: Time (s): cpu = 00:00:00 ; elapsed = 00:00:00.001 . Memory (MB): peak = 1925.133 ; gain = 0.000
Wrote Device Cache: Time (s): cpu = 00:00:00 ; elapsed = 00:00:00.003 . Memory (MB): peak = 1925.133 ; gain = 0.000
Write Physdb Complete: Time (s): cpu = 00:00:00 ; elapsed = 00:00:00.066 . Memory (MB): peak = 1925.133 ; gain = 0.000
INFO: [Common 17-1381] The checkpoint 'C:/Users/aksha/Downloads/RL_Adaptive_RISCV_AI_SoC/RL_Adaptive_RISCV_AI_SoC/RL_Adaptive_RISCV_AI_SoC.runs/impl_1/ras_fpga_top_routed.dcp' has been generated.
Command: phys_opt_design -directive Explore
Attempting to get a license for feature 'Implementation' and/or device 'xc7a100t'
INFO: [Common 17-349] Got license for feature 'Implementation' and/or device 'xc7a100t'
INFO: [Vivado_Tcl 4-241] Physical synthesis in post route mode 
INFO: [Vivado_Tcl 4-137] Directive used for phys_opt_design is: Explore
INFO: [Vivado_Tcl 4-2279] Estimated Timing Summary | WNS= 0.221 | TNS= 0.000 | 
INFO: [Vivado_Tcl 4-383] Design worst setup slack (WNS) is greater than or equal to 0.000 ns. All physical synthesis setup optimizations will be skipped.
INFO: [Vivado_Tcl 4-232] No setup violation found. The netlist was not modified.
INFO: [Common 17-83] Releasing license: Implementation
139 Infos, 0 Warnings, 0 Critical Warnings and 0 Errors encountered.
phys_opt_design completed successfully
INFO: [Vivado 12-24828] Executing command : report_timing_summary -max_paths 10 -report_unconstrained -warn_on_violation -file ras_fpga_top_timing_summary_postroute_physopted.rpt -pb ras_fpga_top_timing_summary_postroute_physopted.pb -rpx ras_fpga_top_timing_summary_postroute_physopted.rpx
INFO: [Timing 38-91] UpdateTimingParams: Speed grade: -1, Delay Type: min_max.
INFO: [Timing 38-191] Multithreading enabled for timing update using a maximum of 2 CPUs
INFO: [Vivado 12-24828] Executing command : report_bus_skew -warn_on_violation -file ras_fpga_top_bus_skew_postroute_physopted.rpt -pb ras_fpga_top_bus_skew_postroute_physopted.pb -rpx ras_fpga_top_bus_skew_postroute_physopted.rpx
INFO: [Timing 38-91] UpdateTimingParams: Speed grade: -1, Delay Type: min_max.
INFO: [Timing 38-191] Multithreading enabled for timing update using a maximum of 2 CPUs
INFO: [Timing 38-480] Writing timing data to binary archive.
Wrote PlaceDB: Time (s): cpu = 00:00:00 ; elapsed = 00:00:00 . Memory (MB): peak = 1925.133 ; gain = 0.000
Write ShapeDB Complete: Time (s): cpu = 00:00:00 ; elapsed = 00:00:00.003 . Memory (MB): peak = 1925.133 ; gain = 0.000
Wrote PulsedLatchDB: Time (s): cpu = 00:00:00 ; elapsed = 00:00:00 . Memory (MB): peak = 1925.133 ; gain = 0.000
Writing XDEF routing.
Writing XDEF routing logical nets.
Writing XDEF routing special nets.
Wrote RouteStorage: Time (s): cpu = 00:00:00 ; elapsed = 00:00:00.020 . Memory (MB): peak = 1925.133 ; gain = 0.000
Wrote PlaceStorage: Time (s): cpu = 00:00:00 ; elapsed = 00:00:00.036 . Memory (MB): peak = 1925.133 ; gain = 0.000
Wrote Netlist Cache: Time (s): cpu = 00:00:00 ; elapsed = 00:00:00.001 . Memory (MB): peak = 1925.133 ; gain = 0.000
Wrote Device Cache: Time (s): cpu = 00:00:00 ; elapsed = 00:00:00.003 . Memory (MB): peak = 1925.133 ; gain = 0.000
Write Physdb Complete: Time (s): cpu = 00:00:00 ; elapsed = 00:00:00.067 . Memory (MB): peak = 1925.133 ; gain = 0.000
INFO: [Common 17-1381] The checkpoint 'C:/Users/aksha/Downloads/RL_Adaptive_RISCV_AI_SoC/RL_Adaptive_RISCV_AI_SoC/RL_Adaptive_RISCV_AI_SoC.runs/impl_1/ras_fpga_top_postroute_physopt.dcp' has been generated.
INFO: [Common 17-206] Exiting Vivado at Sat Aug 15 11:09:03 2026...
