Time resolution is 1 ps

=========================================
       OPERATION 1
=========================================

-----------------------------------------
OPERATION COMPLETE
Selected action     = 1
Active PE count     = 8
Current state       = 0
Reward              = 8
Learning valid      = 1
Measured cycles     = 4
Active PE cycles    = 32
Utilization         = 500 / 1000
-----------------------------------------

=========================================
       OPERATION 2
=========================================

-----------------------------------------
OPERATION COMPLETE
Selected action     = 2
Active PE count     = 4
Current state       = 0
Reward              = 8
Learning valid      = 1
Measured cycles     = 4
Active PE cycles    = 16
Utilization         = 250 / 1000
-----------------------------------------

=========================================
       OPERATION 3
=========================================

-----------------------------------------
OPERATION COMPLETE
Selected action     = 1
Active PE count     = 8
Current state       = 0
Reward              = 8
Learning valid      = 1
Measured cycles     = 4
Active PE cycles    = 32
Utilization         = 500 / 1000
-----------------------------------------

=========================================
 MULTI-OPERATION ADAPTIVE TEST COMPLETE
=========================================
Final selected action = 1
Final active PEs      = 8
Final state           = 0
Final reward          = 8
Final utilization     = 500 / 1000
Learning valid        = 1
=========================================
Error: PE0 computation incorrect
Time: 257 ns  Iteration: 0  Process: /ras_adaptive_accelerator_tb/Initial143_35  Scope: ras_adaptive_accelerator_tb  File: C:/Users/aksha/Downloads/RL_Adaptive_RISCV_AI_SoC/RL_Adaptive_RISCV_AI_SoC/RL_Adaptive_RISCV_AI_SoC.srcs/sim_1/new/ras_adaptive_accelerator_tb.sv Line: 302
Error: PE1 computation incorrect
Time: 257 ns  Iteration: 0  Process: /ras_adaptive_accelerator_tb/Initial143_35  Scope: ras_adaptive_accelerator_tb  File: C:/Users/aksha/Downloads/RL_Adaptive_RISCV_AI_SoC/RL_Adaptive_RISCV_AI_SoC/RL_Adaptive_RISCV_AI_SoC.srcs/sim_1/new/ras_adaptive_accelerator_tb.sv Line: 307

=========================================
 STEP 22 MULTI-OPERATION TEST PASSED
=========================================
$finish called at time : 257 ns : File "C:/Users/aksha/Downloads/RL_Adaptive_RISCV_AI_SoC/RL_Adaptive_RISCV_AI_SoC/RL_Adaptive_RISCV_AI_SoC.srcs/sim_1/new/ras_adaptive_accelerator_tb.sv" Line 317
